2025-10-11 18:12:25 PDT LOG:  statement: BEGIN
2025-10-11 18:12:25 PDT LOG:  execute <unnamed>: 
	            SELECT model FROM pc
	            WHERE speed >= $1
	            
2025-10-11 18:12:25 PDT DETAIL:  Parameters: $1 = '3'
2025-10-11 18:12:35 PDT LOG:  execute <unnamed>: 
	            SELECT model, type FROM product
	            WHERE maker = $1
	            
2025-10-11 18:12:35 PDT DETAIL:  Parameters: $1 = 'A'
2025-10-11 18:12:37 PDT LOG:  execute <unnamed>: 
	            SELECT price FROM product JOIN
	            (
	            	(SELECT model, price FROM pc)
	            	UNION
	            	(SELECT model, price FROM laptop)
	            	UNION
	            	(SELECT model, price FROM printer)
	            ) as products
	            ON product.model = products.model
	            WHERE product.model = $1 AND product.maker = $2
	            
2025-10-11 18:12:37 PDT DETAIL:  Parameters: $1 = '1003', $2 = 'A'
